// Vitest Snapshot v1, https://vitest.dev/guide/snapshot.html

exports[`AdvertPage > should render advert page 1`] = `
<div>
  <h2
    class="text-center mb-4"
  >
    Advert Detail
  </h2>
  <div
    class="container p-4"
  >
    <div
      class="row "
    >
      <div
        class="col-12 col-md-4 "
      >
        <img
          alt="mockName"
          class="img-fluid rounded mx-auto d-block"
          src="http://mockPhoto.jpg"
        />
      </div>
      <div
        class="col-12 col-md-8 border rounded d-flex flex-column justify-content-between align-items-center"
      >
        <h3
          class="text-center"
        >
          mockName
        </h3>
        <p
          class="d-flex align-items-center gap-2"
        >
          <strong>
            Price:
          </strong>
          <span>
            â‚¬ 
            111
          </span>
        </p>
        <p
          class="d-flex align-items-center gap-2"
        >
          <strong
            class=""
          >
            Category:
          </strong>
          <span
            class="btn btn-link"
          >
            mockTag
          </span>
        </p>
        <div>
          <button
            class="btn btn-danger"
          >
            Delete
          </button>
        </div>
      </div>
    </div>
  </div>
</div>
`;
